Script started on 2023-01-13 09:23:58+00:00 [TERM="xterm-256color" TTY="/dev/pts/0" COLUMNS="86" LINES="33"]
]0;devasc@labvm: ~[01;32mdevasc@labvm[00m:[01;34m~[00m$ git status
On branch master
Untracked files:
  (use "git add <file>..." to include in what will be committed)
	[31m.Xauthority[m
	[31m.bash_history[m
	[31m.bash_logout[m
	[31m.bashrc[m
	[31m.cache/[m
	[31m.config/[m
	[31m.gitconfig[m
	[31m.hidden[m
	[31m.local/[m
	[31m.profile[m
	[31m.pylintrc[m
	[31m.ssh/[m
	[31m.sudo_as_admin_successful[m
	[31m.vbox_version[m
	[31m.vboxclient-clipboard.pid[m
	[31m.vboxclient-display-svga-x11.pid[m
	[31m.vboxclient-draganddrop.pid[m
	[31m.vboxclient-seamless.pid[m
	[31m.viminfo[m
	[31m.vscode/[m
	[31m.while.swp[m
	[31m.xsession-errors[m
	[31m.xsession-errors.old[m
	[31mDay2[m
	[31mDay3-Part1[m
	[31mDay3-Part2[m
	[31mDay4-Part1[m
	[31mDay4-Part2[m
	[31mDay5-Part1[m
	[31mDay5-Part2[m
	[31mDesktop/[m
	[31mDocuments/[m
	[31mTODAY_IS_SECOND_DAY[m
	[31mTable[m
	[31mTheory.imp[m
	[31mcount_file[m
	[31meven[m
	[31mexam[m
	[31mfac[m
	[31mfile1[m
	[31mfile1.1[m
	[31mfile2[m
	[31mfile3[m
	[31mfile5[m
	[31mfilelist/[m
	[31mforjio[m
	[31mgit/[m
	[31minfiloop[m
	[31mlabs/[m
	[31mlist1[m
	[31mlist2[m
	[31mlist3[m
	[31mlist4[m
	[31msmallest.sh[m
	[31msnap/[m
	[31mt1[m
	[31mt2[m
	[31muntill[m
	[31musdie/[m
	[31mwhile[m

nothing added to commit but untracked files present (use "git add" to track)
]0;devasc@labvm: ~[01;32mdevasc@labvm[00m:[01;34m~[00m$ ls
count_file  Day4-Part3  even     file3     [0m[01;34mlabs[0m         [01;34msnap[0m                 untill
[01;32mDay2[0m        Day5-Part1  exam     file5     list1        t1                   [01;34musdie[0m
Day3-Part1  Day5-Part2  fac      [01;34mfilelist[0m  list2        t2                   while
Day3-Part2  [01;34mDesktop[0m     [01;32mfile1[0m    forjio    list3        Table
Day4-Part1  [01;34mDocuments[0m   file1.1  [01;34mgit[0m       list4        Theory.imp
Day4-Part2  [01;34mDownloads[0m   file2    infiloop  smallest.sh  [01;32mTODAY_IS_SECOND_DAY[0m
]0;devasc@labvm: ~[01;32mdevasc@labvm[00m:[01;34m~[00m$ cd usedie
bash: cd: usedie: No such file or directory
]0;devasc@labvm: ~[01;32mdevasc@labvm[00m:[01;34m~[00m$ cd usedie[1Pdie
]0;devasc@labvm: ~/usdie[01;32mdevasc@labvm[00m:[01;34m~/usdie[00m$ git branch
[?1h=  branch1[m[m
* [32mmaster[m[m
[K[?1l>]0;devasc@labvm: ~/usdie[01;32mdevasc@labvm[00m:[01;34m~/usdie[00m$ git checkout [K[K[K[K[K[K[K[K[K[K[K[K[Kcd
]0;devasc@labvm: ~[01;32mdevasc@labvm[00m:[01;34m~[00m$ mkir [K[K[Kdir task
]0;devasc@labvm: ~[01;32mdevasc@labvm[00m:[01;34m~[00m$ cd task
]0;devasc@labvm: ~/task[01;32mdevasc@labvm[00m:[01;34m~/task[00m$ git init
Initialized empty Git repository in /home/devasc/task/.git/
]0;devasc@labvm: ~/task[01;32mdevasc@labvm[00m:[01;34m~/task[00m$ t[Kcat>>index+[K_sajoy_paul
this is index file 
^Z
[1]+  Stopped                 cat >> index_sajoy_paul
]0;devasc@labvm: ~/task[01;32mdevasc@labvm[00m:[01;34m~/task[00m$ cat>>index_sajoy_paul[C[C[1Pindex_sajoy_paul[1Pindex_sajoy_paul index_sajoy_paul
this is index file 
]0;devasc@labvm: ~/task[01;32mdevasc@labvm[00m:[01;34m~/task[00m$ cat >>[K[K[K>>utile[Ks_sajoy_paul
this is utils fl ile
]0;devasc@labvm: ~/task[01;32mdevasc@labvm[00m:[01;34m~/task[00m$ git remote add origin https://github.com/su[Kaurabhglobal10/TCS2023. git
]0;devasc@labvm: ~/task[01;32mdevasc@labvm[00m:[01;34m~/task[00m$ ls
index_sajoy_paul  utils_sajoy_paul
]0;devasc@labvm: ~/task[01;32mdevasc@labvm[00m:[01;34m~/task[00m$ rm *
]0;devasc@labvm: ~/task[01;32mdevasc@labvm[00m:[01;34m~/task[00m$ git branch
[?1h=[K[?1l>]0;devasc@labvm: ~/task[01;32mdevasc@labvm[00m:[01;34m~/task[00m$ git branch[6Prm *[2Plsgit remote add origin https://github.com/saurabhglobal10/TCS2023.git
fatal: remote origin already exists.
]0;devasc@labvm: ~/task[01;32mdevasc@labvm[00m:[01;34m~/task[00m$ git branch
[?1h=[K[?1l>]0;devasc@labvm: ~/task[01;32mdevasc@labvm[00m:[01;34m~/task[00m$ git [K[K[K[Kwhich branch
]0;devasc@labvm: ~/task[01;32mdevasc@labvm[00m:[01;34m~/task[00m$ which branch[2Pgit[C[C[C[C[C[C[C
[?1h=[K[?1l>]0;devasc@labvm: ~/task[01;32mdevasc@labvm[00m:[01;34m~/task[00m$ git init
Reinitialized existing Git repository in /home/devasc/task/.git/
]0;devasc@labvm: ~/task[01;32mdevasc@labvm[00m:[01;34m~/task[00m$ git initbranch
[?1h=[K[?1l>]0;devasc@labvm: ~/task[01;32mdevasc@labvm[00m:[01;34m~/task[00m$ git branch OTHER BRANCH[1PBRANCH_BRANCH
fatal: Not a valid object name: 'master'.
]0;devasc@labvm: ~/task[01;32mdevasc@labvm[00m:[01;34m~/task[00m$ git branch OTHER_BRANCH[K[K[K[K[K[K[K[K[K[K[K[Kmaster
fatal: Not a valid object name: 'master'.
]0;devasc@labvm: ~/task[01;32mdevasc@labvm[00m:[01;34m~/task[00m$ git branch master[K[K[K[K[K[K
[?1h=[K[?1l>]0;devasc@labvm: ~/task[01;32mdevasc@labvm[00m:[01;34m~/task[00m$ ls
]0;devasc@labvm: ~/task[01;32mdevasc@labvm[00m:[01;34m~/task[00m$ git status
On branch master

No commits yet

nothing to commit (create/copy files and use "git add" to track)
]0;devasc@labvm: ~/task[01;32mdevasc@labvm[00m:[01;34m~/task[00m$ git branch
[?1h=[K[?1l>]0;devasc@labvm: ~/task[01;32mdevasc@labvm[00m:[01;34m~/task[00m$ git branch other
fatal: Not a valid object name: 'master'.
]0;devasc@labvm: ~/task[01;32mdevasc@labvm[00m:[01;34m~/task[00m$ git add .
]0;devasc@labvm: ~/task[01;32mdevasc@labvm[00m:[01;34m~/task[00m$ git pull origin master
remote: Enumerating objects: 20, done.[K
remote: Counting objects:   5% (1/20)[Kremote: Counting objects:  10% (2/20)[Kremote: Counting objects:  15% (3/20)[Kremote: Counting objects:  20% (4/20)[Kremote: Counting objects:  25% (5/20)[Kremote: Counting objects:  30% (6/20)[Kremote: Counting objects:  35% (7/20)[Kremote: Counting objects:  40% (8/20)[Kremote: Counting objects:  45% (9/20)[Kremote: Counting objects:  50% (10/20)[Kremote: Counting objects:  55% (11/20)[Kremote: Counting objects:  60% (12/20)[Kremote: Counting objects:  65% (13/20)[Kremote: Counting objects:  70% (14/20)[Kremote: Counting objects:  75% (15/20)[Kremote: Counting objects:  80% (16/20)[Kremote: Counting objects:  85% (17/20)[Kremote: Counting objects:  90% (18/20)[Kremote: Counting objects:  95% (19/20)[Kremote: Counting objects: 100% (20/20)[Kremote: Counting objects: 100% (20/20), done.[K
remote: Compressing objects:  10% (1/10)[Kremote: Compressing objects:  20% (2/10)[Kremote: Compressing objects:  30% (3/10)[Kremote: Compressing objects:  40% (4/10)[Kremote: Compressing objects:  50% (5/10)[Kremote: Compressing objects:  60% (6/10)[Kremote: Compressing objects:  70% (7/10)[Kremote: Compressing objects:  80% (8/10)[Kremote: Compressing objects:  90% (9/10)[Kremote: Compressing objects: 100% (10/10)[Kremote: Compressing objects: 100% (10/10), done.[K
remote: Total 20 (delta 3), reused 20 (delta 3), pack-reused 0[K
Unpacking objects:   5% (1/20)Unpacking objects:  10% (2/20)Unpacking objects:  15% (3/20)Unpacking objects:  20% (4/20)Unpacking objects:  25% (5/20)Unpacking objects:  30% (6/20)Unpacking objects:  35% (7/20)Unpacking objects:  40% (8/20)Unpacking objects:  45% (9/20)Unpacking objects:  50% (10/20)Unpacking objects:  55% (11/20)Unpacking objects:  60% (12/20)Unpacking objects:  65% (13/20)Unpacking objects:  70% (14/20)Unpacking objects:  75% (15/20)Unpacking objects:  80% (16/20)Unpacking objects:  85% (17/20)Unpacking objects:  90% (18/20)Unpacking objects:  95% (19/20)Unpacking objects: 100% (20/20)Unpacking objects: 100% (20/20), 1.63 KiB | 835.00 KiB/s, done.
From https://github.com/saurabhglobal10/TCS2023
 * branch            master     -> FETCH_HEAD
 * [new branch]      master     -> origin/master
]0;devasc@labvm: ~/task[01;32mdevasc@labvm[00m:[01;34m~/task[00m$ git branch
[?1h=* [32mmaster[m[m
[K[?1l>]0;devasc@labvm: ~/task[01;32mdevasc@labvm[00m:[01;34m~/task[00m$ git bt[Kt[Kranch sajoy
]0;devasc@labvm: ~/task[01;32mdevasc@labvm[00m:[01;34m~/task[00m$ ls
branch1file  gfile2.txt  gfile5.txt  myfile1  saurabh.txt  secondfile
]0;devasc@labvm: ~/task[01;32mdevasc@labvm[00m:[01;34m~/task[00m$ git branch
[?1h=* [32mmaster[m[m
  sajoy[m[m
[K[?1l>]0;devasc@labvm: ~/task[01;32mdevasc@labvm[00m:[01;34m~/task[00m$ git checkout sajoy
Switched to branch 'sajoy'
]0;devasc@labvm: ~/task[01;32mdevasc@labvm[00m:[01;34m~/task[00m$ ls
branch1file  gfile2.txt  gfile5.txt  myfile1  saurabh.txt  secondfile
]0;devasc@labvm: ~/task[01;32mdevasc@labvm[00m:[01;34m~/task[00m$ cat index_sajoy_paul
cat: index_sajoy_paul: No such file or directory
]0;devasc@labvm: ~/task[01;32mdevasc@labvm[00m:[01;34m~/task[00m$ cat index_sajoy_paul[1Pindex_sajoy_paul>index_sajoy_paul>index_sajoy_paul[C[C[C[C[C[C[C[C[C[C[C[C[C[C[C[C
This is index file by sajoy paul
]0;devasc@labvm: ~/task[01;32mdevasc@labvm[00m:[01;34m~/task[00m$ cat [K>>inde[K[K[K[Kutils_sajoy_paul
This is utils fils e by sajoy paul
]0;devasc@labvm: ~/task[01;32mdevasc@labvm[00m:[01;34m~/task[00m$ ls
branch1file  gfile5.txt        myfile1      secondfile
gfile2.txt   index_sajoy_paul  saurabh.txt  utils_sajoy_paul
]0;devasc@labvm: ~/task[01;32mdevasc@labvm[00m:[01;34m~/task[00m$ git status
On branch sajoy
Untracked files:
  (use "git add <file>..." to include in what will be committed)
	[31mindex_sajoy_paul[m
	[31mutils_sajoy_paul[m

nothing added to commit but untracked files present (use "git add" to track)
]0;devasc@labvm: ~/task[01;32mdevasc@labvm[00m:[01;34m~/task[00m$ f[Kgit .[Kadd .
]0;devasc@labvm: ~/task[01;32mdevasc@labvm[00m:[01;34m~/task[00m$ git status
On branch sajoy
Changes to be committed:
  (use "git restore --staged <file>..." to unstage)
	[32mnew file:   index_sajoy_paul[m
	[32mnew file:   utils_sajoy_paul[m

]0;devasc@labvm: ~/task[01;32mdevasc@labvm[00m:[01;34m~/task[00m$ git commit -a[Km ""t"h"i"s" "i"s" "c"o"m"m"i"t"e"d" "b"y" "s"a"j"o"y" "p"a"u"l"
[sajoy e2333c5] this is commited by sajoy paul
 2 files changed, 2 insertions(+)
 create mode 100644 index_sajoy_paul
 create mode 100644 utils_sajoy_paul
]0;devasc@labvm: ~/task[01;32mdevasc@labvm[00m:[01;34m~/task[00m$ ls
branch1file  gfile5.txt        myfile1      secondfile
gfile2.txt   index_sajoy_paul  saurabh.txt  utils_sajoy_paul
]0;devasc@labvm: ~/task[01;32mdevasc@labvm[00m:[01;34m~/task[00m$ git brancj[Kh
[?1h=  master[m[m
* [32msajoy[m[m
[K[?1l>]0;devasc@labvm: ~/task[01;32mdevasc@labvm[00m:[01;34m~/task[00m$ git checkout master
Switched to branch 'master'
]0;devasc@labvm: ~/task[01;32mdevasc@labvm[00m:[01;34m~/task[00m$ g[Kls
branch1file  gfile2.txt  gfile5.txt  myfile1  saurabh.txt  secondfile
]0;devasc@labvm: ~/task[01;32mdevasc@labvm[00m:[01;34m~/task[00m$ git merge sajoy
Updating 6221c29..e2333c5
Fast-forward
 index_sajoy_paul | 1 [32m+[m
 utils_sajoy_paul | 1 [32m+[m
 2 files changed, 2 insertions(+)
 create mode 100644 index_sajoy_paul
 create mode 100644 utils_sajoy_paul
]0;devasc@labvm: ~/task[01;32mdevasc@labvm[00m:[01;34m~/task[00m$ git push o[Korigin sajoy
Username for 'https://github.com': saurabhkapoorglobal@gmail.com
Password for 'https://saurabhkapoorglobal@gmail.com@github.com': 
remote: Support for password authentication was removed on August 13, 2021.
remote: Please see https://docs.github.com/en/get-started/getting-started-with-git/about-remote-repositories#cloning-with-https-urls for information on currently recommended modes of authentication.
fatal: Authentication failed for 'https://github.com/saurabhglobal10/TCS2023.git/'
]0;devasc@labvm: ~/task[01;32mdevasc@labvm[00m:[01;34m~/task[00m$ git push origin sajoy
Username for 'https://github.com': saurabhkapoorglobal@gmai.com
Password for 'https://saurabhkapoorglobal@gmai.com@github.com': 
remote: Support for password authentication was removed on August 13, 2021.
remote: Please see https://docs.github.com/en/get-started/getting-started-with-git/about-remote-repositories#cloning-with-https-urls for information on currently recommended modes of authentication.
fatal: Authentication failed for 'https://github.com/saurabhglobal10/TCS2023.git/'
]0;devasc@labvm: ~/task[01;32mdevasc@labvm[00m:[01;34m~/task[00m$ git push origin sajoy[K[K[K[K[Kmaster
Username for 'https://github.com': saurabhkapoorglobal@global     mail.com
Password for 'https://saurabhkapoorglobal@gmail.com@github.com': 
remote: Support for password authentication was removed on August 13, 2021.
remote: Please see https://docs.github.com/en/get-started/getting-started-with-git/about-remote-repositories#cloning-with-https-urls for information on currently recommended modes of authentication.
fatal: Authentication failed for 'https://github.com/saurabhglobal10/TCS2023.git/'
]0;devasc@labvm: ~/task[01;32mdevasc@labvm[00m:[01;34m~/task[00m$ git push origin master
Username for 'https://github.com': saurabhkapoorglabal@gmail.com
Password for 'https://saurabhkapoorglabal@gmail.com@github.com': 
remote: Support for password authentication was removed on August 13, 2021.
remote: Please see https://docs.github.com/en/get-started/getting-started-with-git/about-remote-repositories#cloning-with-https-urls for information on currently recommended modes of authentication.
fatal: Authentication failed for 'https://github.com/saurabhglobal10/TCS2023.git/'
]0;devasc@labvm: ~/task[01;32mdevasc@labvm[00m:[01;34m~/task[00m$ git push origin master
Username for 'https://github.com': saurabhkao poorglobal@gmail.com
Password for 'https://saurabhkapoorglobal@gmail.com@github.com': 
To https://github.com/saurabhglobal10/TCS2023.git
 [31m! [rejected]       [m master -> master (fetch first)
[31merror: failed to push some refs to 'https://github.com/saurabhglobal10/TCS2023.git'
[m[33mhint: Updates were rejected because the remote contains work that you do[m
[33mhint: not have locally. This is usually caused by another repository pushing[m
[33mhint: to the same ref. You may want to first integrate the remote changes[m
[33mhint: (e.g., 'git pull ...') before pushing again.[m
[33mhint: See the 'Note about fast-forwards' in 'git push --help' for details.[m
]0;devasc@labvm: ~/task[01;32mdevasc@labvm[00m:[01;34m~/task[00m$ git pull origin master
remote: Enumerating objects: 4, done.[K
remote: Counting objects:  25% (1/4)[Kremote: Counting objects:  50% (2/4)[Kremote: Counting objects:  75% (3/4)[Kremote: Counting objects: 100% (4/4)[Kremote: Counting objects: 100% (4/4), done.[K
remote: Compressing objects: 100% (1/1)[Kremote: Compressing objects: 100% (1/1), done.[K
remote: Total 3 (delta 1), reused 3 (delta 1), pack-reused 0[K
Unpacking objects:  33% (1/3)Unpacking objects:  66% (2/3)Unpacking objects: 100% (3/3)Unpacking objects: 100% (3/3), 253 bytes | 253.00 KiB/s, done.
From https://github.com/saurabhglobal10/TCS2023
 * branch            master     -> FETCH_HEAD
   6221c29..0a74b2d  master     -> origin/master
hint: Waiting for your editor to close the file... [?2004h[?1049h[22;0;0t[1;33r(B[m[4l[?7h[39;49m[?1h=[?1h=[?25l[39;49m(B[m[H[2J[31;37H(B[0;7m[ Reading... ](B[m[31;36H(B[0;7m[ Read 6 lines ](B[m[H(B[0;7m  GNU nano 4.8               /home/devasc/task/.git/MERGE_MSG                         [1;85H(B[m[32d(B[0;7m^G(B[m Get Help   (B[0;7m^O(B[m Write Out  (B[0;7m^W(B[m Where Is   (B[0;7m^K(B[m Cut Text   (B[0;7m^J(B[m Justify    (B[0;7m^C(B[m Cur Pos[33d(B[0;7m^X(B[m Exit[15G(B[0;7m^R(B[m Read File  (B[0;7m^\(B[m Replace    (B[0;7m^U(B[m Paste Text (B[0;7m^T(B[m To Spell   (B[0;7m^_(B[m Go To Line[31d[2d[39;49m(B[mMerge branch 'master' of https://github.com/saurabhglobal10/TCS2023[3d[36m# Please enter a commit message to explain why this merge is necessary,[4d# especially if it merges an updated upstream into a topic branch.[5d#[6d# Lines starting with '#' will be ignored, and an empty message aborts[7d# the commit.[2d[39m(B[m[?12l[?25h[?25l[?12l[?25h[?25l[31;34H(B[0;1m[37m[41m[ Unbound key: M-` ][39;49m(B[m[2d[?12l[?25h[?25l[1;77H(B[0;7mModified(B[m[2dxMerge branch 'master' of https://github.com/saurabhglobal10/TCS2023x[?12l[?25h[?25l[1P[?12l[?25h[?25l7[2;30r8M[1;33r[3;1H[?12l[?25h[?25l[2;30r[30;1H
[1;33r[2;1H[?12l[?25h[?25l[31d(B[0;7mSave modified buffer?                                                                 [32;1H Y(B[m Yes[K[33d(B[0;7m N(B[m No  [15G  (B[0;7m^C(B[m Cancel[K[31;23H[?12l[?25h[?25l[J[33d[?12l[?25h[33;1H[?1049l[23;0;0t[?1l>[?2004l[KMerge made by the 'recursive' strategy.
 myfile | 1 [32m+[m
 1 file changed, 1 insertion(+)
 create mode 100644 myfile
]0;devasc@labvm: ~/task[01;32mdevasc@labvm[00m:[01;34m~/task[00m$ git status
On branch master
nothing to commit, working tree clean
]0;devasc@labvm: ~/task[01;32mdevasc@labvm[00m:[01;34m~/task[00m$ ls
branch1file  gfile5.txt        myfile   saurabh.txt  utils_sajoy_paul
gfile2.txt   index_sajoy_paul  myfile1  secondfile
]0;devasc@labvm: ~/task[01;32mdevasc@labvm[00m:[01;34m~/task[00m$ git branch
[?1h=* [32mmaster[m[m
  sajoy[m[m
[K[?1l>]0;devasc@labvm: ~/task[01;32mdevasc@labvm[00m:[01;34m~/task[00m$ git push branchls[Kgit statuspull origin master
From https://github.com/saurabhglobal10/TCS2023
 * branch            master     -> FETCH_HEAD
Already up to date.
]0;devasc@labvm: ~/task[01;32mdevasc@labvm[00m:[01;34m~/task[00m$ git pull origin master[C[1P[1P[1@s[1@h
Username for 'https://github.com': saurabhkapoorglobal@gmail.com
Password for 'https://saurabhkapoorglobal@gmail.com@github.com': 
To https://github.com/saurabhglobal10/TCS2023.git
 [31m! [rejected]       [m master -> master (fetch first)
[31merror: failed to push some refs to 'https://github.com/saurabhglobal10/TCS2023.git'
[m[33mhint: Updates were rejected because the remote contains work that you do[m
[33mhint: not have locally. This is usually caused by another repository pushing[m
[33mhint: to the same ref. You may want to first integrate the remote changes[m
[33mhint: (e.g., 'git pull ...') before pushing again.[m
[33mhint: See the 'Note about fast-forwards' in 'git push --help' for details.[m
]0;devasc@labvm: ~/task[01;32mdevasc@labvm[00m:[01;34m~/task[00m$ git push origin masterll[C[C[C[C[C[C[C[C[C[C[C[C[C[C
remote: Enumerating objects: 4, done.[K
remote: Counting objects:  25% (1/4)[Kremote: Counting objects:  50% (2/4)[Kremote: Counting objects:  75% (3/4)[Kremote: Counting objects: 100% (4/4)[Kremote: Counting objects: 100% (4/4), done.[K
remote: Compressing objects: 100% (1/1)[Kremote: Compressing objects: 100% (1/1), done.[K
remote: Total 3 (delta 1), reused 3 (delta 1), pack-reused 0[K
Unpacking objects:  33% (1/3)Unpacking objects:  66% (2/3)Unpacking objects: 100% (3/3)Unpacking objects: 100% (3/3), 261 bytes | 261.00 KiB/s, done.
From https://github.com/saurabhglobal10/TCS2023
 * branch            master     -> FETCH_HEAD
   0a74b2d..8e6df60  master     -> origin/master
hint: Waiting for your editor to close the file... [?2004h[?1049h[22;0;0t[1;33r(B[m[4l[?7h[39;49m[?1h=[?1h=[?25l[39;49m(B[m[H[2J[31;37H(B[0;7m[ Reading... ](B[m[31;36H(B[0;7m[ Read 6 lines ](B[m[H(B[0;7m  GNU nano 4.8               /home/devasc/task/.git/MERGE_MSG                         [1;85H(B[m[32d(B[0;7m^G(B[m Get Help   (B[0;7m^O(B[m Write Out  (B[0;7m^W(B[m Where Is   (B[0;7m^K(B[m Cut Text   (B[0;7m^J(B[m Justify    (B[0;7m^C(B[m Cur Pos[33d(B[0;7m^X(B[m Exit[15G(B[0;7m^R(B[m Read File  (B[0;7m^\(B[m Replace    (B[0;7m^U(B[m Paste Text (B[0;7m^T(B[m To Spell   (B[0;7m^_(B[m Go To Line[31d[2d[39;49m(B[mMerge branch 'master' of https://github.com/saurabhglobal10/TCS2023[3d[36m# Please enter a commit message to explain why this merge is necessary,[4d# especially if it merges an updated upstream into a topic branch.[5d#[6d# Lines starting with '#' will be ignored, and an empty message aborts[7d# the commit.[2d[39m(B[m[?12l[?25h[?25l[3d[?12l[?25h[?25l[4d[?12l[?25h[?25l[5d[?12l[?25h[?25l[6d[?12l[?25h[?25l[7d[?12l[?25h[?25l[8d[?12l[?25h[?25l[?12l[?25h[?25l[?12l[?25h[?25l[?12l[?25h[?25l[?12l[?25h[?25l[1;77H(B[0;7mModified(B[m[8dd[?12l[?25h[?25ls[?12l[?25h[?25lg[?12l[?25h[?25l [?12l[?25h[?25l [?12l[?25h[?25l[K[?12l[?25h[?25ls[?12l[?25h[?25l[K[?12l[?25h[?25l[31d(B[0;7mSave modified buffer?                                                                 [32;1H Y(B[m Yes[K[33d(B[0;7m N(B[m No  [15G  (B[0;7m^C(B[m Cancel[K[31;23H[?12l[?25h[?25l[32d(B[0;7m^G(B[m Get Help[32;22H(B[0;7mM-D(B[m DOS Format[43G(B[0;7mM-A(B[m Append[32;64H(B[0;7mM-B(B[m Backup File[33d(B[0;7m^C(B[m Cancel[17G     (B[0;7mM-M(B[m Mac Format[43G(B[0;7mM-P(B[m Prepend[33;64H(B[0;7m^T(B[m To Files[31d(B[0;7mFile Name to Write: /home/devasc/task/.git/MERGE_MSG(B[m[31;53H[?12l[?25h[?25l[31;36H[1K (B[0;7m[ Writing... ](B[m[K[1;77H(B[0;7m        (B[m[31;35H(B[0;7m[ Wrote 7 lines ](B[m[J[33d[?12l[?25h[33;1H[?1049l[23;0;0t[?1l>[?2004l[KMerge made by the 'recursive' strategy.
 sakshi | 2 [32m++[m
 1 file changed, 2 insertions(+)
 create mode 100644 sakshi
]0;devasc@labvm: ~/task[01;32mdevasc@labvm[00m:[01;34m~/task[00m$ git pull origin master[1P[1P[1@s[1@h
Username for 'https://github.com': saurabhkapoorglobal@gmail.com
Password for 'https://saurabhkapoorglobal@gmail.com@github.com': 
Enumerating objects: 11, done.
Counting objects:   9% (1/11)Counting objects:  18% (2/11)Counting objects:  27% (3/11)Counting objects:  36% (4/11)Counting objects:  45% (5/11)Counting objects:  54% (6/11)Counting objects:  63% (7/11)Counting objects:  72% (8/11)Counting objects:  81% (9/11)Counting objects:  90% (10/11)Counting objects: 100% (11/11)Counting objects: 100% (11/11), done.
Delta compression using up to 2 threads
Compressing objects:  16% (1/6)Compressing objects:  33% (2/6)Compressing objects:  50% (3/6)Compressing objects:  66% (4/6)Compressing objects:  83% (5/6)Compressing objects: 100% (6/6)Compressing objects: 100% (6/6), done.
Writing objects:  12% (1/8)Writing objects:  25% (2/8)Writing objects:  37% (3/8)Writing objects:  50% (4/8)Writing objects:  62% (5/8)Writing objects:  75% (6/8)Writing objects:  87% (7/8)Writing objects: 100% (8/8)Writing objects: 100% (8/8), 874 bytes | 437.00 KiB/s, done.
Total 8 (delta 3), reused 0 (delta 0)
remote: Resolving deltas:   0% (0/3)[Kremote: Resolving deltas:  33% (1/3)[Kremote: Resolving deltas:  66% (2/3)[Kremote: Resolving deltas: 100% (3/3)[Kremote: Resolving deltas: 100% (3/3), completed with 1 local object.[K
To https://github.com/saurabhglobal10/TCS2023.git
   8e6df60..5c05d44  master -> master
]0;devasc@labvm: ~/task[01;32mdevasc@labvm[00m:[01;34m~/task[00m$ exit
exit
There are stopped jobs.
]0;devasc@labvm: ~/task[01;32mdevasc@labvm[00m:[01;34m~/task[00m$ exit
exit

Script done on 2023-01-13 10:28:19+00:00 [COMMAND_EXIT_CODE="1"]
